[backblue.gif]
[fade.gif]
[index.html]
[segunadeyomoye.com/shedvian/wp-content/uploads/2019/01/icon9@2x.png]
[segunadeyomoye.com/shedvian/comments/feed/index.html]
[segunadeyomoye.com/shedvian/events/indexedf3.html]
[segunadeyomoye.com/shedvian/feed/index.html]
[segunadeyomoye.com/shedvian/wp-includes/js/jquery/jquery4a5f.js]
[segunadeyomoye.com/shedvian/wp-content/plugins/the-events-calendar/common/src/resources/js/underscore-before.js]
[segunadeyomoye.com/shedvian/wp-includes/js/underscore.min4511.js]
[segunadeyomoye.com/shedvian/wp-content/plugins/the-events-calendar/common/src/resources/js/underscore-after.js]
[segunadeyomoye.com/shedvian/wp-includes/js/wp-util5697.js]
[js.paystack.co/v1/inline68b3.js]
[segunadeyomoye.com/shedvian/wp-content/themes/ceremony/assets/js/load-more-galleryad05.js]
[segunadeyomoye.com/shedvian/wp-json/index.html]
[segunadeyomoye.com/shedvian/wp-json/wp/v2/pages/1342.json]
[segunadeyomoye.com/shedvian/xmlrpc0db0.php]
[segunadeyomoye.com/shedvian/wp-includes/wlwmanifest.xml]
[segunadeyomoye.com/shedvian/wp-json/oembed/1.0/embedbc12.json]
[segunadeyomoye.com/shedvian/wp-json/oembed/1.0/embedb75b]
[segunadeyomoye.com/shedvian/wp-content/uploads/2020/11/cropped-shedvian-32x32.png]
[segunadeyomoye.com/shedvian/wp-json/tribe/events/v1/index.html]
[segunadeyomoye.com/shedvian/wp-json/tribe/tickets/v1/index.html]
[segunadeyomoye.com/shedvian/wp-content/uploads/2020/11/cropped-shedvian-192x192.png]
[segunadeyomoye.com/shedvian/wp-content/uploads/2020/11/cropped-shedvian-180x180.png]
[segunadeyomoye.com/shedvian/wp-content/uploads/2020/10/IMG-20201027-WA0003.jpg]
[segunadeyomoye.com/shedvian/wp-content/uploads/2020/10/Untitled-design-2020-10-29T153922.505.png]
[segunadeyomoye.com/shedvian/wp-content/uploads/2020/10/Untitled-design-2020-10-29T211550.674.png]
[segunadeyomoye.com/shedvian/wp-content/uploads/2020/10/Untitled_design_-_2020-10-30T141341.769-removebg-preview.png]
[segunadeyomoye.com/shedvian/wp-content/uploads/2019/01/icon19@2x.png]
[segunadeyomoye.com/shedvian/wp-content/uploads/2020/10/8226-200.png]
[segunadeyomoye.com/shedvian/wp-content/uploads/2020/10/417902-200.png]
[segunadeyomoye.com/shedvian/wp-content/uploads/2020/10/Camera-512.png]
[segunadeyomoye.com/shedvian/wp-content/uploads/2020/10/birthday-cake-icon-png-157025-free-icons-library-birthday-icon-png-930_980.png]
[segunadeyomoye.com/shedvian/wp-content/uploads/2020/10/Party_icon.svg.png]
[segunadeyomoye.com/shedvian/wp-content/uploads/2020/10/Untitled-design-2020-10-29T221045.015.png]
[segunadeyomoye.com/shedvian/wp-content/uploads/2020/10/Untitled-design-2020-10-29T221112.504.png]
[segunadeyomoye.com/shedvian/index.html]
[segunadeyomoye.com/shedvian/wp-content/plugins/event-tickets/src/resources/css/rsvp-v1.mince52.css]
[segunadeyomoye.com/shedvian/wp-content/plugins/the-events-calendar/common/src/resources/css/common-skeleton.min98fa.css]
[segunadeyomoye.com/shedvian/wp-content/plugins/the-events-calendar/common/src/resources/css/tooltip.min98fa.css]
[segunadeyomoye.com/shedvian/wp-includes/css/dashicons.min5697.css]
[segunadeyomoye.com/shedvian/wp-content/plugins/the-events-calendar/common/src/resources/css/common-full.min98fa.css]
[segunadeyomoye.com/shedvian/wp-content/plugins/event-tickets/src/resources/css/tickets.mince52.css]
[segunadeyomoye.com/shedvian/wp-includes/css/dist/block-library/style.min5697.css]
[segunadeyomoye.com/shedvian/wp-content/plugins/payment-forms-for-paystack/public/css/pff-paystack-style001e.css]
[segunadeyomoye.com/shedvian/wp-content/plugins/payment-forms-for-paystack/public/css/font-awesome.min001e.css]
[segunadeyomoye.com/shedvian/wp-content/plugins/recent-tweets-widget/tp_twitter_plugin5152.css]
[segunadeyomoye.com/shedvian/wp-content/plugins/elementor/assets/lib/font-awesome/css/font-awesome.min1849.css]
[segunadeyomoye.com/shedvian/wp-content/themes/ceremony/assets/css/nice-select.min5152.css]
[segunadeyomoye.com/shedvian/wp-content/themes/ceremony/assets/css/loaders.min7793.css]
[segunadeyomoye.com/shedvian/wp-content/themes/ceremony/assets/css/magnific-popup.min7793.css]
[segunadeyomoye.com/shedvian/wp-content/themes/ceremony/assets/css/flexslider.min7793.css]
[segunadeyomoye.com/shedvian/wp-content/themes/ceremony/assets/css/animate.min7793.css]
[segunadeyomoye.com/shedvian/wp-content/themes/ceremony/assets/css/owl.carousel.mina1ec.css]
[segunadeyomoye.com/shedvian/wp-content/themes/ceremony/assets/css/meanmenu5d0a.css]
[segunadeyomoye.com/shedvian/wp-content/themes/ceremony/assets/css/bootstrap.mina352.css]
[segunadeyomoye.com/shedvian/wp-content/themes/ceremony/assets/css/jquery.rateyo.minad05.css]
[segunadeyomoye.com/shedvian/wp-content/themes/ceremony/assets/css/stylesad05.css]
[segunadeyomoye.com/shedvian/wp-content/themes/ceremony/inc/dynamic-stylead05.css]
[segunadeyomoye.com/shedvian/wp-content/themes/ceremony/assets/css/responsivead05.css]
[segunadeyomoye.com/shedvian/wp-content/plugins/meks-easy-instagram-widget/css/widget5697.css]
[segunadeyomoye.com/shedvian/wp-content/plugins/elementor/assets/lib/eicons/fonts/eiconsc2cd.eot]
[segunadeyomoye.com/shedvian/wp-content/plugins/elementor/assets/lib/eicons/fonts/eiconsc2cd.woff2]
[segunadeyomoye.com/shedvian/wp-content/plugins/elementor/assets/lib/eicons/fonts/eiconsc2cd.woff]
[segunadeyomoye.com/shedvian/wp-content/plugins/elementor/assets/lib/eicons/fonts/eiconsc2cd.ttf]
[segunadeyomoye.com/shedvian/wp-content/plugins/elementor/assets/lib/eicons/css/elementor-icons.min74e5.css]
[segunadeyomoye.com/shedvian/wp-content/plugins/elementor/assets/lib/animations/animations.mine9bd.css]
[segunadeyomoye.com/shedvian/wp-content/plugins/elementor/assets/css/frontend-legacy.mine9bd.css]
[segunadeyomoye.com/shedvian/wp-content/plugins/elementor/assets/css/frontend.mine9bd.css]
[segunadeyomoye.com/shedvian/wp-content/uploads/elementor/css/post-1514c0.css]
[segunadeyomoye.com/shedvian/wp-content/uploads/elementor/css/globalef26.css]
[segunadeyomoye.com/shedvian/wp-content/uploads/elementor/css/post-13427dfc.css]
[segunadeyomoye.com/shedvian/wp-content/plugins/event-tickets/src/resources/css/rsvp.mince52.css]
[segunadeyomoye.com/shedvian/wp-content/plugins/event-tickets/src/resources/css/tpp.mince52.css]
[segunadeyomoye.com/shedvian/wp-content/themes/ceremony-child/style.css]
[segunadeyomoye.com/shedvian/wp-content/plugins/ceremony-core/assets/css/style.css]
[segunadeyomoye.com/shedvian/wp-json/wp/v2/pages/1498.json]
[segunadeyomoye.com/shedvian/wp-json/oembed/1.0/embed6262.json]
[segunadeyomoye.com/shedvian/wp-json/oembed/1.0/embed1f0e]
[segunadeyomoye.com/shedvian/wp-content/plugins/payment-forms-for-paystack/images/logos@2x.png]
[segunadeyomoye.com/shedvian/shedvian-2/index.html]
[segunadeyomoye.com/shedvian/wp-content/uploads/2020/10/Untitled-design-2020-10-29T221045.015.png]
[segunadeyomoye.com/shedvian/wp-json/oembed/1.0/embed62ac.json]
[segunadeyomoye.com/shedvian/wp-json/oembed/1.0/embedd8e5]
[segunadeyomoye.com/shedvian/wp-content/uploads/2020/10/Untitled-design-2020-10-29T221112.504-150x150.png]
[segunadeyomoye.com/shedvian/gallery/shedvian-13/index.html]
[segunadeyomoye.com/shedvian/wp-content/uploads/2020/10/Untitled-design-2020-10-29T221112.504.png]
[segunadeyomoye.com/shedvian/wp-content/uploads/2020/10/Untitled-design-2020-10-29T215333.154.png]
[segunadeyomoye.com/shedvian/wp-content/uploads/2020/10/Untitled-design-2020-10-29T215404.411.png]
[segunadeyomoye.com/shedvian/wp-content/uploads/2020/10/Untitled-design-2020-10-29T215435.060.png]
[segunadeyomoye.com/shedvian/wp-content/uploads/2020/10/Untitled-design-2020-10-29T215502.039.png]
[segunadeyomoye.com/shedvian/wp-content/plugins/payment-forms-for-paystack/public/js/jquery.blockUI.min001e.js]
[segunadeyomoye.com/shedvian/wp-content/plugins/payment-forms-for-paystack/public/js/jquery.ui.min001e.js]
[segunadeyomoye.com/shedvian/wp-content/plugins/event-tickets/src/resources/js/rsvp.mince52.js]
[segunadeyomoye.com/shedvian/wp-content/plugins/event-tickets/src/resources/js/ticket-details.mince52.js]
[segunadeyomoye.com/shedvian/wp-content/themes/ceremony/assets/js/bootstrap.mina352.js]
[segunadeyomoye.com/shedvian/wp-content/plugins/payment-forms-for-paystack/public/js/paystack-forms-public001e.js]
[segunadeyomoye.com/shedvian/wp-content/themes/ceremony/assets/js/jquery.meanmenuad05.js]
[segunadeyomoye.com/shedvian/wp-content/themes/ceremony/assets/js/placeholders.minf39e.js]
[segunadeyomoye.com/shedvian/wp-content/themes/ceremony/assets/js/html5shiv.min3088.js]
[segunadeyomoye.com/shedvian/wp-content/themes/ceremony/assets/js/jquery-countdown.min1f22.js]
[segunadeyomoye.com/shedvian/wp-content/themes/ceremony/assets/js/jquery.sticky.min4b68.js]
[segunadeyomoye.com/shedvian/wp-content/themes/ceremony/assets/js/soundcloud.api.minad05.js]
[segunadeyomoye.com/shedvian/wp-content/themes/ceremony/assets/js/jarallax.min3e0d.js]
[segunadeyomoye.com/shedvian/wp-content/themes/ceremony/assets/js/respond.min1159.js]
[segunadeyomoye.com/shedvian/wp-content/themes/ceremony/assets/js/isotope.min41fe.js]
[segunadeyomoye.com/shedvian/wp-content/themes/ceremony/assets/js/packery-mode.pkgd.min001e.js]
[segunadeyomoye.com/shedvian/wp-content/themes/ceremony/assets/js/jquery.magnific-popup.minf488.js]
[segunadeyomoye.com/shedvian/wp-content/themes/ceremony/assets/js/hoverdir.mincfa9.js]
[segunadeyomoye.com/shedvian/wp-content/themes/ceremony/assets/js/owl.carousel.mina1ec.js]
[segunadeyomoye.com/shedvian/wp-content/themes/ceremony/assets/js/jquery.nice-select.min5152.js]
[segunadeyomoye.com/shedvian/wp-content/themes/ceremony/assets/js/jquery.matchHeight-min230a.js]
[segunadeyomoye.com/shedvian/wp-content/themes/ceremony/assets/js/waypoints.minf39e.js]
[segunadeyomoye.com/shedvian/wp-content/themes/ceremony/assets/js/zoom.min727b.js]
[segunadeyomoye.com/shedvian/wp-content/themes/ceremony/assets/js/jquery.responsiveTabs.min2fca.js]
[segunadeyomoye.com/shedvian/wp-content/themes/ceremony/assets/js/rateyo.minb6db.js]
[segunadeyomoye.com/shedvian/wp-content/themes/ceremony/assets/js/lazyload.mina71a.js]
[segunadeyomoye.com/shedvian/wp-content/themes/ceremony/assets/js/image-animate.mined48.js]
[segunadeyomoye.com/shedvian/wp-content/themes/ceremony/assets/js/tilt.minad05.js]
[segunadeyomoye.com/shedvian/wp-content/themes/ceremony/assets/js/scriptsad05.js]
[segunadeyomoye.com/shedvian/wp-content/themes/ceremony/assets/js/jquery.validate.min8162.js]
[segunadeyomoye.com/shedvian/wp-content/plugins/ceremony-core/assets/main.js]
[segunadeyomoye.com/shedvian/wp-content/themes/ceremony/assets/js/jquery.counterup.min5152.js]
[segunadeyomoye.com/shedvian/wp-content/plugins/elementor/assets/js/frontend-modules.mine9bd.js]
[segunadeyomoye.com/shedvian/wp-content/plugins/elementor/assets/lib/dialog/dialog.mina288.js]
[segunadeyomoye.com/shedvian/wp-content/themes/ceremony/assets/js/loaders.minad05.js]
[segunadeyomoye.com/shedvian/wp-content/plugins/elementor/assets/lib/waypoints/waypoints.min05da.js]
[segunadeyomoye.com/shedvian/wp-includes/js/jquery/ui/position.mine899.js]
[segunadeyomoye.com/shedvian/wp-content/plugins/elementor/assets/lib/share-link/share-link.mine9bd.js]
[segunadeyomoye.com/shedvian/wp-content/plugins/elementor/assets/js/frontend.mine9bd.js]
[segunadeyomoye.com/shedvian/wp-content/plugins/elementor/assets/lib/swiper/swiper.min48f5.js]
[segunadeyomoye.com/shedvian/wp-content/plugins/ceremony-core/elementor/assets/js/ceremony-elementor5697.js]
[segunadeyomoye.com/shedvian/wp-includes/js/wp-embed.min5697.js]
[segunadeyomoye.com/shedvian/wp-includes/fonts/dashicons7d4b.eot]
[segunadeyomoye.com/shedvian/wp-includes/fonts/dashicons7d4b.ttf]
[segunadeyomoye.com/shedvian/wp-content/plugins/payment-forms-for-paystack/public/fonts/fontawesome-webfont-.eot]
[segunadeyomoye.com/shedvian/wp-content/plugins/payment-forms-for-paystack/public/fonts/fontawesome-webfont-v=4.2.0.woff]
[segunadeyomoye.com/shedvian/wp-content/plugins/payment-forms-for-paystack/public/fonts/fontawesome-webfont-v=4.2.0.ttf]
[segunadeyomoye.com/shedvian/wp-content/plugins/payment-forms-for-paystack/public/fonts/fontawesome-webfont-v=4.2.0.eot]
[segunadeyomoye.com/shedvian/wp-content/plugins/event-tickets/src/resources/images/select.png]
[segunadeyomoye.com/shedvian/wp-content/plugins/elementor/assets/lib/font-awesome/fonts/fontawesome-webfont3e6e.eot]
[segunadeyomoye.com/shedvian/wp-content/plugins/recent-tweets-widget/assets/tweet.png]
[segunadeyomoye.com/shedvian/wp-content/plugins/elementor/assets/lib/font-awesome/fonts/fontawesome-webfont3e6e.woff]
[segunadeyomoye.com/shedvian/wp-content/plugins/elementor/assets/lib/font-awesome/fonts/fontawesome-webfontd41d.eot]
[segunadeyomoye.com/shedvian/wp-content/plugins/elementor/assets/lib/font-awesome/fonts/fontawesome-webfont3e6e.woff2]
[segunadeyomoye.com/shedvian/wp-content/plugins/elementor/assets/lib/font-awesome/fonts/fontawesome-webfont3e6e.ttf]
[segunadeyomoye.com/shedvian/wp-content/themes/ceremony/assets/images/slide1.png]
[segunadeyomoye.com/shedvian/wp-content/themes/ceremony/assets/images/icons/icon84@3x.png]
[segunadeyomoye.com/shedvian/wp-content/themes/ceremony/assets/images/icons/icon14@3x.png]
[segunadeyomoye.com/shedvian/wp-content/themes/ceremony/assets/images/icons/icon15@3x.png]
[segunadeyomoye.com/shedvian/wp-content/themes/ceremony/assets/images/icons/icon4@3x.png]
[segunadeyomoye.com/shedvian/wp-content/themes/ceremony/assets/images/icons/icon5@3x.png]
[segunadeyomoye.com/shedvian/wp-content/themes/ceremony/assets/images/icons/icon6@3x.png]
[segunadeyomoye.com/shedvian/wp-content/themes/ceremony/assets/images/icons/icon7@3x.png]
[segunadeyomoye.com/shedvian/wp-content/themes/ceremony/assets/images/icons/icon34@3x.png]
[segunadeyomoye.com/shedvian/wp-content/themes/ceremony/assets/images/icons/icon35@3x.png]
[segunadeyomoye.com/shedvian/wp-content/themes/ceremony/assets/images/icons/icon2@1x.png]
[segunadeyomoye.com/shedvian/wp-content/themes/ceremony/assets/images/icons/icon3@1x.png]
[segunadeyomoye.com/shedvian/wp-content/themes/ceremony/assets/images/icons/icon36@3x.png]
[segunadeyomoye.com/shedvian/wp-content/themes/ceremony/assets/images/icons/icon37@3x.png]
[segunadeyomoye.com/shedvian/wp-content/themes/ceremony/assets/images/icons/icon76@3x.png]
[segunadeyomoye.com/shedvian/wp-content/themes/ceremony/assets/images/icons/icon10@3x.png]
[segunadeyomoye.com/shedvian/wp-content/themes/ceremony/assets/images/icons/icon8@3x.png]
[segunadeyomoye.com/shedvian/wp-content/themes/ceremony/assets/images/icons/icon16@3x.png]
[segunadeyomoye.com/shedvian/wp-content/themes/ceremony/assets/images/icons/icon12@3x.png]
[segunadeyomoye.com/shedvian/wp-content/themes/ceremony/assets/images/icons/icon17@3x.png]
[segunadeyomoye.com/shedvian/wp-content/themes/ceremony/assets/images/icons/icon18@3x.png]
[segunadeyomoye.com/shedvian/wp-content/themes/ceremony/assets/images/backgrounds/background2.png]
[segunadeyomoye.com/shedvian/wp-content/themes/ceremony/assets/images/backgrounds/background4.jpg]
[segunadeyomoye.com/shedvian/wp-content/themes/ceremony/assets/images/backgrounds/background5.jpg]
[segunadeyomoye.com/shedvian/wp-content/themes/ceremony/assets/images/icons/icon24@1x.png]
[segunadeyomoye.com/shedvian/wp-content/themes/ceremony/assets/images/backgrounds/background7.jpg]
[segunadeyomoye.com/shedvian/wp-content/themes/ceremony/assets/images/icons/icon25@1x.png]
[segunadeyomoye.com/shedvian/wp-content/themes/ceremony/assets/images/backgrounds/background8.png]
[segunadeyomoye.com/shedvian/wp-content/themes/ceremony/assets/images/icons/icon32@3x.png]
[segunadeyomoye.com/shedvian/wp-content/themes/ceremony/assets/images/icons/icon46@1x.png]
[segunadeyomoye.com/shedvian/wp-content/themes/ceremony/assets/images/icons/icon47@1x.png]
[segunadeyomoye.com/shedvian/wp-content/themes/ceremony/assets/images/icons/icon67@1x.png]
[segunadeyomoye.com/shedvian/wp-content/themes/ceremony/assets/images/icons/icon59@1x.png]
[segunadeyomoye.com/shedvian/wp-content/themes/ceremony/assets/images/icons/icon68@3x.png]
[segunadeyomoye.com/shedvian/wp-content/themes/ceremony/assets/images/icons/icon70@3x.png]
[segunadeyomoye.com/shedvian/wp-content/themes/ceremony/assets/images/icons/icon71@1x.png]
[segunadeyomoye.com/shedvian/wp-content/themes/ceremony/assets/images/icons/icon72@1x.png]
[segunadeyomoye.com/shedvian/wp-content/themes/ceremony/assets/images/icons/icon74@1x.png]
[segunadeyomoye.com/shedvian/wp-content/themes/ceremony/assets/images/icons/icon73@1x.png]
[segunadeyomoye.com/shedvian/wp-content/plugins/elementor/assets/lib/eicons/fonts/eiconsc2cd.svg]
[victorthemes.com/themes/ceremony/wp-content/uploads/2019/01/icon2@1x.html]
[segunadeyomoye.com/shedvian/index2d7f.html]
[segunadeyomoye.com/shedvian/wp-content/themes/ceremony/assets/images/icons/icon75@3x.png]
[segunadeyomoye.com/shedvian/wp-content/themes/ceremony/assets/images/icons/icon79@3x.png]
[segunadeyomoye.com/shedvian/wp-content/themes/ceremony/assets/images/icons/icon78@3x.png]
[segunadeyomoye.com/shedvian/wp-admin/index.html]
[segunadeyomoye.com/shedvian/indexd9ef.html]
[segunadeyomoye.com/shedvian/wp-json/oembed/1.0/embed8adc.json]
[segunadeyomoye.com/shedvian/wp-json/oembed/1.0/embed89ee]
[segunadeyomoye.com/shedvian/wp-content/uploads/2020/10/Untitled-design-2020-10-29T215333.154-150x150.png]
[segunadeyomoye.com/shedvian/wp-content/uploads/2020/10/Untitled-design-2020-10-29T221045.015-150x150.png]
[segunadeyomoye.com/shedvian/gallery/shedvian-12/index.html]
[segunadeyomoye.com/shedvian/wp-json/oembed/1.0/embedd8d8.json]
[segunadeyomoye.com/shedvian/wp-json/oembed/1.0/embed1b8c]
[segunadeyomoye.com/shedvian/wp-content/uploads/2020/10/Untitled-design-2020-10-29T215404.411-150x150.png]
[segunadeyomoye.com/shedvian/gallery/shedvian-11/index.html]
[segunadeyomoye.com/shedvian/wp-json/oembed/1.0/embed616f.json]
[segunadeyomoye.com/shedvian/wp-json/oembed/1.0/embed7710]
[segunadeyomoye.com/shedvian/wp-content/themes/ceremony/assets/images/port-placeholder.png]
[segunadeyomoye.com/shedvian/wp-content/uploads/2020/10/Untitled-design-2020-10-29T215435.060-150x150.png]
[segunadeyomoye.com/shedvian/gallery/shedvian-10/index.html]
[segunadeyomoye.com/shedvian/wp-json/oembed/1.0/embeda5a3.json]
[segunadeyomoye.com/shedvian/wp-json/oembed/1.0/embed0d04]
[segunadeyomoye.com/shedvian/wp-content/uploads/2020/10/Untitled-design-2020-10-29T215502.039-150x150.png]
[segunadeyomoye.com/shedvian/gallery/shedvian-9/index.html]
[segunadeyomoye.com/shedvian/wp-json/oembed/1.0/embed8a11.json]
[segunadeyomoye.com/shedvian/wp-json/oembed/1.0/embedacc9]
[segunadeyomoye.com/shedvian/gallery/shedvian-8/feed/index.html]
[segunadeyomoye.com/shedvian/wp-content/uploads/2020/10/Untitled-design-2020-10-29T215532.167-150x150.png]
[segunadeyomoye.com/shedvian/wp-includes/js/comment-reply.min5697.js]
[segunadeyomoye.com/shedvian/gallery/shedvian-8/index.html]
[segunadeyomoye.com/shedvian/wp-content/uploads/2020/10/Untitled-design-2020-10-29T215532.167.png]
[segunadeyomoye.com/shedvian/wp-content/uploads/2020/10/Untitled-design-2020-10-29T215627.939.png]
[segunadeyomoye.com/shedvian/wp-content/uploads/2020/10/Untitled-design-2020-10-29T215659.474.png]
[segunadeyomoye.com/shedvian/wp-content/uploads/2020/10/Untitled-design-2020-10-29T215732.900.png]
[segunadeyomoye.com/shedvian/wp-content/uploads/2019/02/Untitled-design-2020-10-29T161635.814.png]
[segunadeyomoye.com/shedvian/wp-content/uploads/2019/02/Untitled-design-2020-10-29T161812.564.png]
[segunadeyomoye.com/shedvian/page/2/index.html]
[segunadeyomoye.com/shedvian/wp-content/uploads/2019/02/Untitled-design-2020-10-29T161845.759.png]
[segunadeyomoye.com/shedvian/wp-content/uploads/2019/02/Untitled-design-2020-10-29T161315.285.png]
[segunadeyomoye.com/shedvian/wp-content/uploads/2019/02/Untitled-design-2020-10-29T163908.946.png]
[segunadeyomoye.com/shedvian/wp-content/uploads/2019/02/Untitled-design-2020-10-29T163931.128.png]
[segunadeyomoye.com/shedvian/page/3/index.html]
[segunadeyomoye.com/shedvian/wp-content/themes/ceremony/style5697.css]
[segunadeyomoye.com/shedvian/wp-content/plugins/payment-forms-for-paystack/public/fonts/fontawesome-webfont-v=4.2.0.svg]
[segunadeyomoye.com/shedvian/wp-content/plugins/wp-pagenavi/pagenavi-css44fd.css]
[segunadeyomoye.com/shedvian/wp-content/plugins/elementor/assets/lib/font-awesome/fonts/fontawesome-webfont3e6e.svg]
[segunadeyomoye.com/shedvian/wp-content/themes/ceremony/assets/fonts/flexslider-icon.eot]
[segunadeyomoye.com/shedvian/wp-content/themes/ceremony/assets/fonts/flexslider-icond41d.eot]
[segunadeyomoye.com/shedvian/wp-content/themes/ceremony/assets/fonts/flexslider-icon.woff]
[segunadeyomoye.com/shedvian/wp-content/themes/ceremony/assets/fonts/flexslider-icon.ttf]
[segunadeyomoye.com/shedvian/wp-content/themes/ceremony/assets/fonts/flexslider-icon.svg]
[segunadeyomoye.com/shedvian/wp-content/themes/ceremony/assets/css/owl.video.play.png]
[segunadeyomoye.com/shedvian/wp-content/themes/ceremony/assets/images/backgrounds/background8.png]
[segunadeyomoye.com/shedvian/wp-content/themes/ceremony/assets/images/icons/icon54@3x.png]
[segunadeyomoye.com/shedvian/wp-content/themes/ceremony/assets/images/icons/icon55@3x.png]
[segunadeyomoye.com/shedvian/wp-content/themes/ceremony/assets/images/icons/icon56@3x.png]
[segunadeyomoye.com/shedvian/wp-content/themes/ceremony/assets/images/backgrounds/background10.jpg]
[segunadeyomoye.com/shedvian/wp-content/themes/ceremony/assets/images/icons/icon57@3x.png]
[segunadeyomoye.com/shedvian/wp-content/themes/ceremony/assets/images/icons/icon58@1x.png]
[segunadeyomoye.com/shedvian/wp-includes/js/zxcvbn-async.min5152.js]
[segunadeyomoye.com/shedvian/wp-includes/js/dist/vendor/wp-polyfill.min89b1.js]
[segunadeyomoye.com/shedvian/wp-includes/js/dist/vendor/wp-polyfill-fetch.min6e0e.js]
[segunadeyomoye.com/shedvian/wp-includes/js/dist/vendor/wp-polyfill-node-contains.min2e00.js]
[segunadeyomoye.com/shedvian/wp-includes/js/dist/vendor/wp-polyfill-dom-rect.min2e00.js]
[segunadeyomoye.com/shedvian/wp-includes/js/dist/vendor/wp-polyfill-url.min5aed.js]
[segunadeyomoye.com/shedvian/wp-includes/js/dist/vendor/wp-polyfill-formdata.mine9bd.js]
[segunadeyomoye.com/shedvian/wp-includes/js/dist/vendor/wp-polyfill-element-closest.min4c56.js]
[segunadeyomoye.com/shedvian/wp-includes/js/dist/i18n.min77be.js]
[segunadeyomoye.com/shedvian/wp-admin/js/password-strength-meter.min5697.js]
[segunadeyomoye.com/shedvian/wp-includes/js/wp-util.min5697.js]
[segunadeyomoye.com/shedvian/wp-admin/js/user-profile.min5697.js]
[segunadeyomoye.com/shedvian/wp-loginb76d.html]
[segunadeyomoye.com/shedvian/index7231.html]
[segunadeyomoye.com/shedvian/index7030.html]
[segunadeyomoye.com/shedvian/index8a24.html]
[segunadeyomoye.com/shedvian/index03e9.html]
[segunadeyomoye.com/shedvian/indexbdb3.html]
[segunadeyomoye.com/shedvian/xmlrpc.php]
[segunadeyomoye.com/shedvian/wp-json/oembed/1.0/embed05d2.json]
[segunadeyomoye.com/shedvian/wp-json/oembed/1.0/embedc21e]
[segunadeyomoye.com/shedvian/wp-content/uploads/2020/10/Untitled-design-2020-10-29T215627.939-150x150.png]
[segunadeyomoye.com/shedvian/gallery/shedvian-7/index.html]
[segunadeyomoye.com/shedvian/wp-json/oembed/1.0/embeda1a0.json]
[segunadeyomoye.com/shedvian/wp-json/oembed/1.0/embed77f4]
[segunadeyomoye.com/shedvian/wp-content/uploads/2020/10/Untitled-design-2020-10-29T215659.474-150x150.png]
[segunadeyomoye.com/shedvian/gallery/shedvian-6/index.html]
[segunadeyomoye.com/shedvian/wp-json/oembed/1.0/embedd0d6.json]
[segunadeyomoye.com/shedvian/wp-json/oembed/1.0/embedd5d2]
[segunadeyomoye.com/shedvian/wp-content/uploads/2020/10/Untitled-design-2020-10-29T215732.900-150x150.png]
[segunadeyomoye.com/shedvian/gallery/shedvian-5/index.html]
[segunadeyomoye.com/shedvian/wp-content/uploads/2020/10/Untitled-design-2020-10-29T215732.900.png]
[segunadeyomoye.com/shedvian/wp-json/oembed/1.0/embed54b3.json]
[segunadeyomoye.com/shedvian/wp-json/oembed/1.0/embed5748]
[segunadeyomoye.com/shedvian/wp-content/uploads/2019/02/Untitled-design-2020-10-29T161635.814-150x150.png]
[segunadeyomoye.com/shedvian/gallery/shedvian-4/index.html]
[segunadeyomoye.com/shedvian/wp-json/oembed/1.0/embed4e6e.json]
[segunadeyomoye.com/shedvian/wp-json/oembed/1.0/embedf4dc]
[segunadeyomoye.com/shedvian/wp-content/uploads/2019/02/Untitled-design-2020-10-29T161812.564-150x150.png]
[segunadeyomoye.com/shedvian/gallery/celebration/index.html]
[segunadeyomoye.com/shedvian/wp-json/oembed/1.0/embed479b.json]
[segunadeyomoye.com/shedvian/wp-json/oembed/1.0/embed2d99]
[segunadeyomoye.com/shedvian/wp-content/uploads/2019/02/Untitled-design-2020-10-29T161812.564-68x68.png]
[segunadeyomoye.com/shedvian/wp-content/uploads/2019/02/Untitled-design-2020-10-29T161845.759-150x150.png]
[segunadeyomoye.com/shedvian/gallery/photography/index.html]
[segunadeyomoye.com/shedvian/wp-json/oembed/1.0/embed7433.json]
[segunadeyomoye.com/shedvian/wp-json/oembed/1.0/embeda54d]
[segunadeyomoye.com/shedvian/wp-content/uploads/2019/02/Untitled-design-2020-10-29T161315.285-150x150.png]
[segunadeyomoye.com/shedvian/gallery/shedvian-3/index.html]
[segunadeyomoye.com/shedvian/wp-json/oembed/1.0/embedfba5.json]
[segunadeyomoye.com/shedvian/wp-json/oembed/1.0/embede944]
[segunadeyomoye.com/shedvian/wp-content/uploads/2019/02/Untitled-design-2020-10-29T163908.946-150x150.png]
[segunadeyomoye.com/shedvian/gallery/shedvian-2/index.html]
[segunadeyomoye.com/shedvian/wp-json/oembed/1.0/embed23e9.json]
[segunadeyomoye.com/shedvian/wp-json/oembed/1.0/embed5551]
[segunadeyomoye.com/shedvian/wp-content/uploads/2019/02/Untitled-design-2020-10-29T163931.128-150x150.png]
[segunadeyomoye.com/shedvian/gallery/shedvian/index.html]
[segunadeyomoye.com/shedvian/wp-json/oembed/1.0/embede0cb.json]
[segunadeyomoye.com/shedvian/wp-json/oembed/1.0/embedfdf4]
[segunadeyomoye.com/shedvian/gallery/engagement/index.html]
[segunadeyomoye.com/shedvian/wp-includes/css/buttons.min5697.css]
[segunadeyomoye.com/shedvian/wp-admin/images/loading.gif]
[segunadeyomoye.com/shedvian/wp-admin/css/forms.min5697.css]
[segunadeyomoye.com/shedvian/wp-admin/css/l10n.min5697.css]
[segunadeyomoye.com/shedvian/wp-admin/images/w-logo-blue7a53.png]
[segunadeyomoye.com/shedvian/wp-admin/css/login.min5697.css]
[segunadeyomoye.com/shedvian/wp-loginc2b6.html]
[segunadeyomoye.com/shedvian/index192b.html]
[segunadeyomoye.com/shedvian/index1f46.html]
[segunadeyomoye.com/shedvian/index31c2.html]
[segunadeyomoye.com/shedvian/indexb8d9.html]
[segunadeyomoye.com/shedvian/index4579.html]
[segunadeyomoye.com/shedvian/index094d.html]
[segunadeyomoye.com/shedvian/page/1/index.html]
[segunadeyomoye.com/shedvian/index7ea6.html]
[segunadeyomoye.com/shedvian/indexe5f6.html]
[segunadeyomoye.com/shedvian/indexc547.html]
[segunadeyomoye.com/shedvian/indexdbf6.html]
[segunadeyomoye.com/shedvian/wp-admin/images/wordpress-logo7d6b.svg]
[segunadeyomoye.com/shedvian/wp-login.html]
